[0;32mI (39) boot.esp32: SPI ï¿½ets Jun  8 2016 00:22:57

rst:0x1 (POWERON_RESET),boot:0x13 (SPI_FAST_FLASH_BOOT)
configsip: 0, SPIWP:0xee
clk_drv:0x00,q_drv:0x00,d_drv:0x00,cs0_drv:0x00,hd_drv:0x00,wp_drv:0x00
mode:DIO, clock div:2
load:0x3fff0030,len:7084
ho 0 tail 12 room 4
load:0x40078000,len:15584
load:0x40080400,len:4
load:0x40080404,len:3876
entry 0x4008064c
[0;32mI (31) boot: ESP-IDF v5.1.2-dirty 2nd stage bootloader[0m
[0;32mI (31) boot: compile time Apr 22 2024 15:23:13[0m
[0;32mI (31) boot: Multicore bootloader[0m
[0;32mI (36) boot: chip revision: v1.0[0m
[0;32mI (39) boot.esp32: SPI Speed      : 40MHz[0m
[0;32mI (44) boot.esp32: SPI Mode       : DIO[0m
[0;32mI (49) boot.esp32: SPI Flash Size : 2MB[0m
[0;32mI (53) boot: Enabling RNG early entropy source...[0m
[0;32mI (59) boot: Partition Table:[0m
[0;32mI (62) boot: ## Label            Usage          Type ST Offset   Length[0m
[0;32mI (69) boot:  0 nvs              WiFi data        01 02 00009000 00006000[0m
[0;32mI (77) boot:  1 phy_init         RF data          01 01 0000f000 00001000[0m
[0;32mI (84) boot:  2 factory          factory app      00 00 00010000 00100000[0m
[0;32mI (92) boot: End of partition table[0m
[0;32mI (96) esp_image: segment 0: paddr=00010020 vaddr=3f400020 size=09fd4h ( 40916) map[0m
[0;32mI (119) esp_image: segment 1: paddr=00019ffc vaddr=3ffb0000 size=02158h (  8536) load[0m
[0;32mI (123) esp_image: segment 2: paddr=0001c15c vaddr=40080000 size=03ebch ( 16060) load[0m
[0;32mI (132) esp_image: segment 3: paddr=00020020 vaddr=400d0020 size=15644h ( 87620) map[0m
[0;32mI (165) esp_image: segment 4: paddr=0003566c vaddr=40083ebc size=08140h ( 33088) load[0m
[0;32mI (185) boot: Loaded app from partition at offset 0x10000[0m
[0;32mI (185) boot: Disabling RNG early entropy source...[0m
[0;32mI (197) cpu_start: Multicore app[0m
[0;32mI (197) cpu_start: Pro cpu up.[0m
[0;32mI (197) cpu_start: Starting app cpu, entry point is 0x400810f0[0m
[0;32mI (0) cpu_start: App cpu up.[0m
[0;32mI (215) cpu_start: Pro cpu start user code[0m
[0;32mI (215) cpu_start: cpu freq: 160000000 Hz[0m
[0;32mI (215) cpu_start: Application information:[0m
[0;32mI (220) cpu_start: Project name:     MQ2_ESP32[0m
[0;32mI (225) cpu_start: App version:      8065231-dirty[0m
[0;32mI (231) cpu_start: Compile time:     Apr 22 2024 15:23:02[0m
[0;32mI (237) cpu_start: ELF file SHA256:  15ab3489d3fd7b69...[0m
[0;32mI (243) cpu_start: ESP-IDF:          v5.1.2-dirty[0m
[0;32mI (248) cpu_start: Min chip rev:     v0.0[0m
[0;32mI (253) cpu_start: Max chip rev:     v3.99 [0m
[0;32mI (258) cpu_start: Chip rev:         v1.0[0m
[0;32mI (263) heap_init: Initializing. RAM available for dynamic allocation:[0m
[0;32mI (270) heap_init: At 3FFAE6E0 len 00001920 (6 KiB): DRAM[0m
[0;32mI (276) heap_init: At 3FFB29D8 len 0002D628 (181 KiB): DRAM[0m
[0;32mI (282) heap_init: At 3FFE0440 len 00003AE0 (14 KiB): D/IRAM[0m
[0;32mI (288) heap_init: At 3FFE4350 len 0001BCB0 (111 KiB): D/IRAM[0m
[0;32mI (295) heap_init: At 4008C000 len 00014000 (80 KiB): IRAM[0m
[0;32mI (302) spi_flash: detected chip: generic[0m
[0;32mI (305) spi_flash: flash io: dio[0m
[0;33mW (309) spi_flash: Detected size(4096k) larger than the size in the binary image header(2048k). Using the size in the binary image header.[0m
[0;33mW (323) ADC: legacy driver is deprecated, please migrate to `esp_adc/adc_oneshot.h`[0m
[0;32mI (331) app_start: Starting scheduler on CPU0[0m
[0;32mI (336) app_start: Starting scheduler on CPU1[0m
[0;32mI (336) main_task: Started on CPU0[0m
[0;32mI (346) main_task: Calling app_main()[0m
Sample: 0 : Calibration ADC :1023: MQResistanceCalculation: 0.0000:
Sample: 1 : Calibration ADC :1023: MQResistanceCalculation: 0.0000:
Sample: 2 : Calibration ADC :1023: MQResistanceCalculation: 0.0000:
Sample: 3 : Calibration ADC :1023: MQResistanceCalculation: 0.0000:
Sample: 4 : Calibration ADC :1023: MQResistanceCalculation: 0.0000:
Sample: 5 : Calibration ADC :1023: MQResistanceCalculation: 0.0000:
Sample: 6 : Calibration ADC :1023: MQResistanceCalculation: 0.0000:
Sample: 7 : Calibration ADC :1023: MQResistanceCalculation: 0.0000:
Sample: 8 : Calibration ADC :1023: MQResistanceCalculation: 0.0000:
Sample: 9 : Calibration ADC :1023: MQResistanceCalculation: 0.0000:
Sample: 10 : Calibration ADC :1023: MQResistanceCalculation: 0.0000:
Sample: 11 : Calibration ADC :1023: MQResistanceCalculation: 0.0000:
Sample: 12 : Calibration ADC :1023: MQResistanceCalculation: 0.0000:
Sample: 13 : Calibration ADC :1023: MQResistanceCalculation: 0.0000:
Sample: 14 : Calibration ADC :1023: MQResistanceCalculation: 0.0000:
Sample: 15 : Calibration ADC :1023: MQResistanceCalculation: 0.0000:
Sample: 16 : Calibration ADC :1023: MQResistanceCalculation: 0.0000:
Sample: 17 : Calibration ADC :1023: MQResistanceCalculation: 0.0000:
Sample: 18 : Calibration ADC :1023: MQResistanceCalculation: 0.0000:
Sample: 19 : Calibration ADC :1023: MQResistanceCalculation: 0.0000:
Sample: 20 : Calibration ADC :1023: MQResistanceCalculation: 0.0000:
Sample: 21 : Calibration ADC :1023: MQResistanceCalculation: 0.0000:
Sample: 22 : Calibration ADC :1023: MQResistanceCalculation: 0.0000:
Sample: 23 : Calibration ADC :1023: MQResistanceCalculation: 0.0000:
Sample: 24 : Calibration ADC :1023: MQResistanceCalculation: 0.0000:
Sample: 25 : Calibration ADC :1023: MQResistanceCalculation: 0.0000:
Sample: 26 : Calibration ADC :1023: MQResistanceCalculation: 0.0000:
Sample: 27 : Calibration ADC :1023: MQResistanceCalculation: 0.0000:
Sample: 28 : Calibration ADC :1023: MQResistanceCalculation: 0.0000:
Sample: 29 : Calibration ADC :1023: MQResistanceCalculation: 0.0000:
Sample: 30 : Calibration ADC :1023: MQResistanceCalculation: 0.0000:
Sample: 31 : Calibration ADC :1023: MQResistanceCalculation: 0.0000:
Sample: 32 : Calibration ADC :1023: MQResistanceCalculation: 0.0000:
Sample: 33 : Calibration ADC :1023: MQResistanceCalculation: 0.0000:
Sample: 34 : Calibration ADC :1023: MQResistanceCalculation: 0.0000:
Sample: 35 : Calibration ADC :1023: MQResistanceCalculation: 0.0000:
Sample: 36 : Calibration ADC :1023: MQResistanceCalculation: 0.0000:
Sample: 37 : Calibration ADC :1023: MQResistanceCalculation: 0.0000:
Sample: 38 : Calibration ADC :1023: MQResistanceCalculation: 0.0000:
Sample: 39 : Calibration ADC :1023: MQResistanceCalculation: 0.0000:
Sample: 40 : Calibration ADC :1023: MQResistanceCalculation: 0.0000:
Sample: 41 : Calibration ADC :1023: MQResistanceCalculation: 0.0000:
Sample: 42 : Calibration ADC :1023: MQResistanceCalculation: 0.0000:
Sample: 43 : Calibration ADC :1023: MQResistanceCalculation: 0.0000:
Sample: 44 : Calibration ADC :1023: MQResistanceCalculation: 0.0000:
Sample: 45 : Calibration ADC :1023: MQResistanceCalculation: 0.0000:
Sample: 46 : Calibration ADC :1023: MQResistanceCalculation: 0.0000:
Sample: 47 : Calibration ADC :1023: MQResistanceCalculation: 0.0000:
Sample: 48 : Calibration ADC :1023: MQResistanceCalculation: 0.0000:
Sample: 49 : Calibration ADC :1023: MQResistanceCalculation: 0.0000:
MQ2 Calibration value: 0.000000
Ro: 0.00 Kohm
Sample: 0 : Calibration ADC :1023: MQResistanceCalculation: 0.0000:
Sample: 1 : Calibration ADC :1023: MQResistanceCalculation: 0.0000:
Sample: 2 : Calibration ADC :1023: MQResistanceCalculation: 0.0000:
Sample: 3 : Calibration ADC :1023: MQResistanceCalculation: 0.0000:
Sample: 4 : Calibration ADC :1023: MQResistanceCalculation: 0.0000:
Sample: 5 : Calibration ADC :1023: MQResistanceCalculation: 0.0000:
Sample: 6 : Calibration ADC :1023: MQResistanceCalculation: 0.0000:
Sample: 7 : Calibration ADC :1023: MQResistanceCalculation: 0.0000:
Sample: 8 : Calibration ADC :1023: MQResistanceCalculation: 0.0000:
Sample: 9 : Calibration ADC :1023: MQResistanceCalculation: 0.0000:
Sample: 10 : Calibration ADC :1023: MQResistanceCalculation: 0.0000:
Sample: 11 : Calibration ADC :1023: MQResistanceCalculation: 0.0000:
Sample: 12 : Calibration ADC :1023: MQResistanceCalculation: 0.0000:
Sample: 13 : Calibration ADC :1023: MQResistanceCalculation: 0.0000:
Sample: 14 : Calibration ADC :1023: MQResistanceCalculation: 0.0000:
Sample: 15 : Calibration ADC :1023: MQResistanceCalculation: 0.0000:
Sample: 16 : Calibration ADC :1023: MQResistanceCalculation: 0.0000:
Sample: 17 : Calibration ADC :1023: MQResistanceCalculation: 0.0000:
Sample: 18 : Calibration ADC :1023: MQResistanceCalculation: 0.0000:
Sample: 19 : Calibration ADC :1023: MQResistanceCalculation: 0.0000:
Sample: 20 : Calibration ADC :1023: MQResistanceCalculation: 0.0000:
Sample: 21 : Calibration ADC :1023: MQResistanceCalculation: 0.0000:
Sample: 22 : Calibration ADC :1023: MQResistanceCalculation: 0.0000:
Sample: 23 : Calibration ADC :1023: MQResistanceCalculation: 0.0000:
Sample: 24 : Calibration ADC :1023: MQResistanceCalculation: 0.0000:
Sample: 25 : Calibration ADC :1023: MQResistanceCalculation: 0.0000:
Sample: 26 : Calibration ADC :1023: MQResistanceCalculation: 0.0000:
Sample: 27 : Calibration ADC :1023: MQResistanceCalculation: 0.0000:
Sample: 28 : Calibration ADC :1023: MQResistanceCalculation: 0.0000:
Sample: 29 : Calibration ADC :1023: MQResistanceCalculation: 0.0000:
Sample: 30 : Calibration ADC :1023: MQResistanceCalculation: 0.0000:
Sample: 31 : Calibration ADC :1023: MQResistanceCalculation: 0.0000:
Sample: 32 : Calibration ADC :1023: MQResistanceCalculation: 0.0000:
Sample: 33 : Calibration ADC :1023: MQResistanceCalculation: 0.0000:
Sample: 34 : Calibration ADC :1023: MQResistanceCalculation: 0.0000:
Sample: 35 : Calibration ADC :1023: MQResistanceCalculation: 0.0000:
Sample: 36 : Calibration ADC :1023: MQResistanceCalculation: 0.0000:
Sample: 37 : Calibration ADC :1023: MQResistanceCalculation: 0.0000:
Sample: 38 : Calibration ADC :1023: MQResistanceCalculation: 0.0000:
Sample: 39 : Calibration ADC :1023: MQResistanceCalculation: 0.0000:
Sample: 40 : Calibration ADC :1023: MQResistanceCalculation: 0.0000:
Sample: 41 : Calibration ADC :1023: MQResistanceCalculation: 0.0000:
Sample: 42 : Calibration ADC :1023: MQResistanceCalculation: 0.0000:
Sample: 43 : Calibration ADC :1023: MQResistanceCalculation: 0.0000:
Sample: 44 : Calibration ADC :1023: MQResistanceCalculation: 0.0000:
Sample: 45 : Calibration ADC :1023: MQResistanceCalculation: 0.0000:
Sample: 46 : Calibration ADC :1023: MQResistanceCalculation: 0.0000:
Sample: 47 : Calibration ADC :1023: MQResistanceCalculation: 0.0000:
Sample: 48 : Calibration ADC :1023: MQResistanceCalculation: 0.0000:
Sample: 49 : Calibration ADC :1023: MQResistanceCalculation: 0.0000:
MQ2 Calibration value: 0.000000
[0;32mI (100346) gpio: GPIO[2]| InputEn: 0| OutputEn: 1| OpenDrain: 0| Pullup: 0| Pulldown: 0| Intr:0 [0m
